
> @ig-tracker/web@0.0.1 typecheck /Users/alan/Documents/WhoUnfollowed/apps/web
> tsc --noEmit

.next/types/app/changelog/page.ts(3,59): error TS2307: Cannot find module 'next/dist/lib/metadata/types/metadata-interface.js' or its corresponding type declarations.
.next/types/app/compare/page.ts(3,59): error TS2307: Cannot find module 'next/dist/lib/metadata/types/metadata-interface.js' or its corresponding type declarations.
.next/types/app/cookies/page.ts(3,59): error TS2307: Cannot find module 'next/dist/lib/metadata/types/metadata-interface.js' or its corresponding type declarations.
.next/types/app/history/page.ts(3,59): error TS2307: Cannot find module 'next/dist/lib/metadata/types/metadata-interface.js' or its corresponding type declarations.
.next/types/app/how-to-export/page.ts(3,59): error TS2307: Cannot find module 'next/dist/lib/metadata/types/metadata-interface.js' or its corresponding type declarations.
.next/types/app/page.ts(3,59): error TS2307: Cannot find module 'next/dist/lib/metadata/types/metadata-interface.js' or its corresponding type declarations.
.next/types/app/privacy/page.ts(3,59): error TS2307: Cannot find module 'next/dist/lib/metadata/types/metadata-interface.js' or its corresponding type declarations.
.next/types/app/refund/page.ts(3,59): error TS2307: Cannot find module 'next/dist/lib/metadata/types/metadata-interface.js' or its corresponding type declarations.
.next/types/app/results/page.ts(3,59): error TS2307: Cannot find module 'next/dist/lib/metadata/types/metadata-interface.js' or its corresponding type declarations.
.next/types/app/terms/page.ts(3,59): error TS2307: Cannot find module 'next/dist/lib/metadata/types/metadata-interface.js' or its corresponding type declarations.
.next/types/validator.ts(6,59): error TS2307: Cannot find module 'next/types.js' or its corresponding type declarations.
app/apple-icon.tsx(1,31): error TS2307: Cannot find module 'next/og' or its corresponding type declarations.
app/changelog/page.tsx(1,18): error TS2307: Cannot find module 'next/link' or its corresponding type declarations.
app/changelog/page.tsx(2,31): error TS2307: Cannot find module 'next' or its corresponding type declarations.
app/compare/page.tsx(4,33): error TS2307: Cannot find module 'next/navigation' or its corresponding type declarations.
app/compare/page.tsx(5,18): error TS2307: Cannot find module 'next/link' or its corresponding type declarations.
app/cookies/page.tsx(1,18): error TS2307: Cannot find module 'next/link' or its corresponding type declarations.
app/cookies/page.tsx(2,31): error TS2307: Cannot find module 'next' or its corresponding type declarations.
app/dashboard/page.tsx(4,27): error TS2307: Cannot find module 'next/navigation' or its corresponding type declarations.
app/dashboard/page.tsx(5,18): error TS2307: Cannot find module 'next/link' or its corresponding type declarations.
app/dashboard/page.tsx(12,8): error TS2307: Cannot find module 'recharts' or its corresponding type declarations.
app/history/page.tsx(4,27): error TS2307: Cannot find module 'next/navigation' or its corresponding type declarations.
app/history/page.tsx(5,18): error TS2307: Cannot find module 'next/link' or its corresponding type declarations.
app/how-to-export/page.tsx(4,18): error TS2307: Cannot find module 'next/link' or its corresponding type declarations.
app/layout.tsx(1,41): error TS2307: Cannot find module 'next' or its corresponding type declarations.
app/opengraph-image.tsx(1,31): error TS2307: Cannot find module 'next/og' or its corresponding type declarations.
app/privacy/page.tsx(1,18): error TS2307: Cannot find module 'next/link' or its corresponding type declarations.
app/privacy/page.tsx(2,31): error TS2307: Cannot find module 'next' or its corresponding type declarations.
app/refund/page.tsx(1,18): error TS2307: Cannot find module 'next/link' or its corresponding type declarations.
app/refund/page.tsx(2,31): error TS2307: Cannot find module 'next' or its corresponding type declarations.
app/results/page.tsx(4,27): error TS2307: Cannot find module 'next/navigation' or its corresponding type declarations.
app/results/page.tsx(5,18): error TS2307: Cannot find module 'next/link' or its corresponding type declarations.
app/robots.ts(1,36): error TS2307: Cannot find module 'next' or its corresponding type declarations.
app/sitemap.ts(1,36): error TS2307: Cannot find module 'next' or its corresponding type declarations.
app/terms/page.tsx(1,18): error TS2307: Cannot find module 'next/link' or its corresponding type declarations.
app/terms/page.tsx(2,31): error TS2307: Cannot find module 'next' or its corresponding type declarations.
components/landing/FinalCTA.tsx(4,18): error TS2307: Cannot find module 'next/link' or its corresponding type declarations.
components/landing/FlowSection.tsx(2,18): error TS2307: Cannot find module 'next/link' or its corresponding type declarations.
components/landing/HeroSection.tsx(4,27): error TS2307: Cannot find module 'next/navigation' or its corresponding type declarations.
components/landing/SiteNav.tsx(4,18): error TS2307: Cannot find module 'next/link' or its corresponding type declarations.
components/landing/SiteNav.tsx(48,27): error TS7006: Parameter 'e' implicitly has an 'any' type.
components/landing/SiteNav.tsx(49,27): error TS7006: Parameter 'e' implicitly has an 'any' type.
components/UploadZone.tsx(5,27): error TS2307: Cannot find module 'next/navigation' or its corresponding type declarations.
 ELIFECYCLE  Command failed with exit code 2.
